# rh run | Fri Oct  2 02:11:51 2026
# cwd: .
# cmd: python method/tie_check.py --out results/raw/tie_check.json

config {"levels": ["0", "0.5", "1", "2", "5", "10"], "thr": [0.05, 0.1, 0.2, 0.4, 0.6], "grids": {"fd": {}, "sg": {"window": [11, 21, 41, 81, 161], "order": [3]}, "spline": {"lam": [1e-09, 1e-08, 1e-07, 1e-06, 1e-05, 0.0001, 0.001]}, "tv": {"alpha": [1e-05, 0.0001, 0.001, 0.01, 0.1]}, "weak": {"width": [0.3, 0.6, 1.0, 1.5, 2.5]}}, "tune_seeds": [1000, 1001, 1002, 1003, 1004]}
fd 0 selected {'thr': 0.6} tied_thr=[0.05, 0.1, 0.2, 0.4, 0.6] same_smoothing=True traj_differ=[0, 0, 0, 0, 0] identical=True mean_err=[0.0069 0.0069 0.0069 0.0069 0.0069] mean_rule_thr=0.6
fd 0.5 selected {'thr': 0.6} tied_thr=[0.1, 0.2, 0.4, 0.6] same_smoothing=True traj_differ=[0, 0, 0, 0] identical=True mean_err=[0.0077 0.0077 0.0077 0.0077] mean_rule_thr=0.6
fd 1 selected {'thr': 0.6} tied_thr=[0.2, 0.4, 0.6] same_smoothing=True traj_differ=[0, 0, 0] identical=True mean_err=[0.0092 0.0092 0.0092] mean_rule_thr=0.6
fd 2 selected {'thr': 0.4} tied_thr=[0.4] same_smoothing=True traj_differ=[0] identical=True mean_err=[0.0142] mean_rule_thr=0.4
fd 5 selected {'thr': 0.1} tied_thr=[0.05, 0.1] same_smoothing=True traj_differ=[3, 0] identical=False mean_err=[0.0664 0.0566] mean_rule_thr=0.1
   thr 0.05 vs selected 0.1 per-trajectory coef_err: 0.0383/0.0383 0.0496/0.0496 0.0557/0.1016 0.0351/0.0354 0.1536/0.0583
fd 10 selected {'thr': 0.6} tied_thr=[0.4, 0.6] same_smoothing=True traj_differ=[0, 0] identical=True mean_err=[0.1279 0.1279] mean_rule_thr=0.6
sg 0 selected {'window': 11, 'order': 3, 'thr': 0.6} tied_thr=[0.05, 0.1, 0.2, 0.4, 0.6] same_smoothing=True traj_differ=[0, 0, 0, 0, 0] identical=True mean_err=[0.0036 0.0036 0.0036 0.0036 0.0036] mean_rule_thr=0.6
sg 0.5 selected {'window': 11, 'order': 3, 'thr': 0.6} tied_thr=[0.1, 0.2, 0.4, 0.6] same_smoothing=True traj_differ=[0, 0, 0, 0] identical=True mean_err=[0.0044 0.0044 0.0044 0.0044] mean_rule_thr=0.6
sg 1 selected {'window': 11, 'order': 3, 'thr': 0.6} tied_thr=[0.2, 0.4, 0.6] same_smoothing=True traj_differ=[0, 0, 0] identical=True mean_err=[0.0058 0.0058 0.0058] mean_rule_thr=0.6
sg 2 selected {'window': 11, 'order': 3, 'thr': 0.4} tied_thr=[0.4] same_smoothing=True traj_differ=[0] identical=True mean_err=[0.0103] mean_rule_thr=0.4
sg 5 selected {'window': 21, 'order': 3, 'thr': 0.4} tied_thr=[0.4] same_smoothing=True traj_differ=[0] identical=True mean_err=[0.0866] mean_rule_thr=0.4
sg 10 selected {'window': 11, 'order': 3, 'thr': 0.2} tied_thr=[0.2] same_smoothing=True traj_differ=[0] identical=True mean_err=[0.1137] mean_rule_thr=0.2
spline 0 selected {'lam': 1e-09, 'thr': 0.6} tied_thr=[0.05, 0.1, 0.2, 0.4, 0.6] same_smoothing=True traj_differ=[0, 0, 0, 0, 0] identical=True mean_err=[0.0000 0.0000 0.0000 0.0000 0.0000] mean_rule_thr=0.6
spline 0.5 selected {'lam': 1e-08, 'thr': 0.6} tied_thr=[0.1, 0.2, 0.4, 0.6] same_smoothing=True traj_differ=[0, 0, 0, 0] identical=True mean_err=[0.0013 0.0013 0.0013 0.0013] mean_rule_thr=0.6
spline 1 selected {'lam': 1e-07, 'thr': 0.6} tied_thr=[0.2, 0.4, 0.6] same_smoothing=True traj_differ=[0, 0, 0] identical=True mean_err=[0.0030 0.0030 0.0030] mean_rule_thr=0.6
spline 2 selected {'lam': 1e-07, 'thr': 0.4} tied_thr=[0.4] same_smoothing=True traj_differ=[0] identical=True mean_err=[0.0077] mean_rule_thr=0.4
spline 5 selected {'lam': 1e-05, 'thr': 0.4} tied_thr=[0.4] same_smoothing=True traj_differ=[0] identical=True mean_err=[0.0550] mean_rule_thr=0.4
spline 10 selected {'lam': 1e-06, 'thr': 0.6} tied_thr=[0.4, 0.6] same_smoothing=True traj_differ=[1, 0] identical=False mean_err=[0.1214 0.1212] mean_rule_thr=0.6
   thr 0.4 vs selected 0.6 per-trajectory coef_err: 0.1144/0.1144 0.1165/0.1165 0.1284/0.1270 0.1186/0.1186 0.1293/0.1293
tv 0 selected {'alpha': 0.001, 'thr': 0.6} tied_thr=[0.05, 0.1, 0.2, 0.4, 0.6] same_smoothing=True traj_differ=[0, 0, 0, 0, 0] identical=True mean_err=[0.0026 0.0026 0.0026 0.0026 0.0026] mean_rule_thr=0.6
tv 0.5 selected {'alpha': 0.001, 'thr': 0.6} tied_thr=[0.1, 0.2, 0.4, 0.6] same_smoothing=True traj_differ=[0, 0, 0, 0] identical=True mean_err=[0.0020 0.0020 0.0020 0.0020] mean_rule_thr=0.6
tv 1 selected {'alpha': 0.001, 'thr': 0.6} tied_thr=[0.2, 0.4, 0.6] same_smoothing=True traj_differ=[0, 0, 0] identical=True mean_err=[0.0025 0.0025 0.0025] mean_rule_thr=0.6
tv 2 selected {'alpha': 0.001, 'thr': 0.4} tied_thr=[0.4] same_smoothing=True traj_differ=[0] identical=True mean_err=[0.0059] mean_rule_thr=0.4
tv 5 selected {'alpha': 0.01, 'thr': 0.4} tied_thr=[0.4] same_smoothing=True traj_differ=[0] identical=True mean_err=[0.0605] mean_rule_thr=0.4
tv 10 selected {'alpha': 0.01, 'thr': 0.2} tied_thr=[0.2] same_smoothing=True traj_differ=[0] identical=True mean_err=[0.1157] mean_rule_thr=0.2
weak 0 selected {'width': 2.5, 'thr': 0.6} tied_thr=[0.05, 0.1, 0.2, 0.4, 0.6] same_smoothing=True traj_differ=[0, 0, 0, 0, 0] identical=True mean_err=[0.0000 0.0000 0.0000 0.0000 0.0000] mean_rule_thr=0.6
weak 0.5 selected {'width': 0.6, 'thr': 0.6} tied_thr=[0.05, 0.1, 0.2, 0.4, 0.6] same_smoothing=True traj_differ=[0, 0, 0, 0, 0] identical=True mean_err=[0.0007 0.0007 0.0007 0.0007 0.0007] mean_rule_thr=0.6
weak 1 selected {'width': 0.6, 'thr': 0.6} tied_thr=[0.1, 0.2, 0.4, 0.6] same_smoothing=True traj_differ=[0, 0, 0, 0] identical=True mean_err=[0.0013 0.0013 0.0013 0.0013] mean_rule_thr=0.6
weak 2 selected {'width': 0.6, 'thr': 0.6} tied_thr=[0.2, 0.4, 0.6] same_smoothing=True traj_differ=[0, 0, 0] identical=True mean_err=[0.0026 0.0026 0.0026] mean_rule_thr=0.6
weak 5 selected {'width': 0.6, 'thr': 0.6} tied_thr=[0.6] same_smoothing=True traj_differ=[0] identical=True mean_err=[0.0072] mean_rule_thr=0.6
weak 10 selected {'width': 1.0, 'thr': 0.6} tied_thr=[0.6] same_smoothing=True traj_differ=[0] identical=True mean_err=[0.0752] mean_rule_thr=0.6
metrics {"cells": 30, "cells_with_tie": 19, "tie_cells_identical_models": 17, "tie_cells_differing_models": 2, "tie_cells_other_smoothing": 0, "mean_rule_changes": 0, "fd_n5_traj_differ": 3, "fd_n5_mean_err_t0.05": 0.06644775928813473, "fd_n5_mean_err_t0.1": 0.05662145663574418, "spline_n10_traj_differ": 1, "spline_n10_mean_err_t0.4": 0.12144542426271987, "spline_n10_mean_err_t0.6": 0.12116085963062542, "runtime_s": 213.68073415756226}
