# rh run | Fri Oct  2 00:08:41 2026
# cwd: .
# cmd: python method/run.py --system sum-hint --seed 2 --out results/raw/main_sum-hint_2.json

config {"system": "sum-hint", "task": "bellman_ford", "seed": 2, "steps": 1000, "lr": 0.003, "bs": 32, "step_mult": 1.0, "nmax_train": 8, "out": "results/raw/main_sum-hint_2.json"}
it 0 loss 1.3350
it 500 loss 0.0150
data/envs/sci/lib/python3.12/site-packages/numpy/_core/_methods.py:132: RuntimeWarning: overflow encountered in reduce
  ret = umr_sum(arr, axis, dtype, out, keepdims, where=where)
data/envs/sci/lib/python3.12/site-packages/numpy/_core/_methods.py:49: RuntimeWarning: overflow encountered in reduce
  return umr_sum(a, axis, dtype, out, keepdims, initial, where)
{
 "train_loss_last": 0.0011252544354647398,
 "val_mae_n8": 0.022976042702794075,
 "mae_sparse_n8": 0.024401729926466942,
 "rel_sparse_n8": 0.03618765249848366,
 "acc_sparse_n8": 0.900625,
 "mae_sparse_n16": 0.07333070039749146,
 "rel_sparse_n16": 0.0809020921587944,
 "acc_sparse_n16": 0.4896875,
 "mae_sparse_n32": 0.20069271326065063,
 "rel_sparse_n32": 0.17178772389888763,
 "acc_sparse_n32": 0.21828125,
 "mae_sparse_n64": 0.38643401861190796,
 "rel_sparse_n64": 0.2817959785461426,
 "acc_sparse_n64": 0.097421875,
 "mae_dense_n8": 0.02292019873857498,
 "rel_dense_n8": 0.03365699201822281,
 "acc_dense_n8": 0.9025,
 "mae_dense_n16": 0.0901155173778534,
 "rel_dense_n16": 0.12771622836589813,
 "acc_dense_n16": 0.4696875,
 "mae_dense_n32": 1.471602439880371,
 "rel_dense_n32": 2.2511894702911377,
 "acc_dense_n32": 0.01296875,
 "mae_dense_n64": NaN,
 "rel_dense_n64": NaN,
 "acc_dense_n64": 0.0,
 "train_seconds": 43.04767608642578
}
